<!DOCTYPE html>
<html lang="en">
<head>
    <meta http-equiv="refresh" content="0;URL=../../wdk_sys/constant.STATUS_LPC_RECEIVE_BUFFER_EXPECTED.html">
    <title>Redirection</title>
</head>
<body>
    <p>Redirecting to <a href="../../wdk_sys/constant.STATUS_LPC_RECEIVE_BUFFER_EXPECTED.html">../../wdk_sys/constant.STATUS_LPC_RECEIVE_BUFFER_EXPECTED.html</a>...</p>
    <script>location.replace("../../wdk_sys/constant.STATUS_LPC_RECEIVE_BUFFER_EXPECTED.html" + location.search + location.hash);</script>
</body>
</html>